
services:
  proxy:
    networks:
      - harbor
      - proxy
    labels:
      - "traefik.enable=true"
      - "traefik.docker.network=proxy"
      - "traefik.http.routers.harbor.rule=Host(`harbor.sddc.lab`)"
      - "traefik.http.routers.harbor.entrypoints=websecure"
      - "traefik.http.routers.harbor.tls=true"
      - "traefik.http.services.harbor.loadbalancer.server.port=8080"

networks:
  proxy:
    external: true
